Fitter report for top
Fri Jun 03 12:49:11 2016
Quartus Prime Version 15.1.0 Build 185 10/21/2015 SJ Lite Edition


---------------------
; Table of Contents ;
---------------------
  1. Legal Notice
  2. Fitter Summary
  3. Fitter Settings
  4. Parallel Compilation
  5. I/O Assignment Warnings
  6. Pin-Out File
  7. Fitter Resource Usage Summary
  8. Input Pins
  9. Output Pins
 10. Bidir Pins
 11. I/O Bank Usage
 12. All Package Pins
 13. Output Pin Default Load For Reported TCO
 14. Fitter Resource Utilization by Entity
 15. Delay Chain Summary
 16. Control Signals
 17. Global & Other Fast Signals
 18. Routing Usage Summary
 19. LAB Logic Elements
 20. LAB-wide Signals
 21. LAB Signals Sourced
 22. LAB Signals Sourced Out
 23. LAB Distinct Inputs
 24. Fitter Device Options
 25. Estimated Delay Added for Hold Timing Summary
 26. Estimated Delay Added for Hold Timing Details
 27. Fitter Messages
 28. Fitter Suppressed Messages



----------------
; Legal Notice ;
----------------
Copyright (C) 1991-2015 Altera Corporation. All rights reserved.
Your use of Altera Corporation's design tools, logic functions 
and other software and tools, and its AMPP partner logic 
functions, and any output files from any of the foregoing 
(including device programming or simulation files), and any 
associated documentation or information are expressly subject 
to the terms and conditions of the Altera Program License 
Subscription Agreement, the Altera Quartus Prime License Agreement,
the Altera MegaCore Function License Agreement, or other 
applicable license agreement, including, without limitation, 
that your use is for the sole purpose of programming logic 
devices manufactured by Altera and sold by Altera or its 
authorized distributors.  Please refer to the applicable 
agreement for further details.



+---------------------------------------------------------------------+
; Fitter Summary                                                      ;
+-----------------------+---------------------------------------------+
; Fitter Status         ; Successful - Fri Jun 03 12:49:11 2016       ;
; Quartus Prime Version ; 15.1.0 Build 185 10/21/2015 SJ Lite Edition ;
; Revision Name         ; top                                         ;
; Top-level Entity Name ; top                                         ;
; Family                ; MAX II                                      ;
; Device                ; EPM570T100C5                                ;
; Timing Models         ; Final                                       ;
; Total logic elements  ; 371 / 570 ( 65 % )                          ;
; Total pins            ; 10 / 76 ( 13 % )                            ;
; Total virtual pins    ; 0                                           ;
; UFM blocks            ; 0 / 1 ( 0 % )                               ;
+-----------------------+---------------------------------------------+


+----------------------------------------------------------------------------------------------------------------------------------------------+
; Fitter Settings                                                                                                                              ;
+----------------------------------------------------------------------------+--------------------------------+--------------------------------+
; Option                                                                     ; Setting                        ; Default Value                  ;
+----------------------------------------------------------------------------+--------------------------------+--------------------------------+
; Device                                                                     ; EPM570T100C5                   ;                                ;
; Minimum Core Junction Temperature                                          ; 0                              ;                                ;
; Maximum Core Junction Temperature                                          ; 85                             ;                                ;
; Fit Attempts to Skip                                                       ; 0                              ; 0.0                            ;
; Device I/O Standard                                                        ; 3.3-V LVTTL                    ;                                ;
; Use smart compilation                                                      ; Off                            ; Off                            ;
; Enable parallel Assembler and TimeQuest Timing Analyzer during compilation ; On                             ; On                             ;
; Enable compact report table                                                ; Off                            ; Off                            ;
; Router Timing Optimization Level                                           ; Normal                         ; Normal                         ;
; Placement Effort Multiplier                                                ; 1.0                            ; 1.0                            ;
; Router Effort Multiplier                                                   ; 1.0                            ; 1.0                            ;
; Always Enable Input Buffers                                                ; Off                            ; Off                            ;
; Optimize Hold Timing                                                       ; IO Paths and Minimum TPD Paths ; IO Paths and Minimum TPD Paths ;
; Optimize Multi-Corner Timing                                               ; Off                            ; Off                            ;
; Guarantee I/O Paths Have Zero Hold Time at Fast Corner                     ; On                             ; On                             ;
; PowerPlay Power Optimization During Fitting                                ; Normal compilation             ; Normal compilation             ;
; Optimize Timing                                                            ; Normal compilation             ; Normal compilation             ;
; Optimize Timing for ECOs                                                   ; Off                            ; Off                            ;
; Regenerate Full Fit Report During ECO Compiles                             ; Off                            ; Off                            ;
; Optimize IOC Register Placement for Timing                                 ; Normal                         ; Normal                         ;
; Limit to One Fitting Attempt                                               ; Off                            ; Off                            ;
; Final Placement Optimizations                                              ; Automatically                  ; Automatically                  ;
; Fitter Aggressive Routability Optimizations                                ; Automatically                  ; Automatically                  ;
; Fitter Initial Placement Seed                                              ; 1                              ; 1                              ;
; Periphery to Core Placement and Routing Optimization                       ; Off                            ; Off                            ;
; Slow Slew Rate                                                             ; Off                            ; Off                            ;
; PCI I/O                                                                    ; Off                            ; Off                            ;
; Weak Pull-Up Resistor                                                      ; Off                            ; Off                            ;
; Enable Bus-Hold Circuitry                                                  ; Off                            ; Off                            ;
; Auto Delay Chains                                                          ; On                             ; On                             ;
; Auto Delay Chains for High Fanout Input Pins                               ; Off                            ; Off                            ;
; Perform Physical Synthesis for Combinational Logic for Performance         ; Off                            ; Off                            ;
; Perform Register Duplication for Performance                               ; Off                            ; Off                            ;
; Perform Register Retiming for Performance                                  ; Off                            ; Off                            ;
; Perform Asynchronous Signal Pipelining                                     ; Off                            ; Off                            ;
; Fitter Effort                                                              ; Auto Fit                       ; Auto Fit                       ;
; Physical Synthesis Effort Level                                            ; Normal                         ; Normal                         ;
; Logic Cell Insertion - Logic Duplication                                   ; Auto                           ; Auto                           ;
; Auto Register Duplication                                                  ; Auto                           ; Auto                           ;
; Auto Global Clock                                                          ; On                             ; On                             ;
; Auto Global Register Control Signals                                       ; On                             ; On                             ;
; Force Fitter to Avoid Periphery Placement Warnings                         ; Off                            ; Off                            ;
+----------------------------------------------------------------------------+--------------------------------+--------------------------------+


+------------------------------------------+
; Parallel Compilation                     ;
+----------------------------+-------------+
; Processors                 ; Number      ;
+----------------------------+-------------+
; Number detected on machine ; 4           ;
; Maximum allowed            ; 2           ;
;                            ;             ;
; Average used               ; 1.00        ;
; Maximum used               ; 2           ;
;                            ;             ;
; Usage by Processor         ; % Time Used ;
;     Processor 1            ; 100.0%      ;
;     Processor 2            ; < 0.1%      ;
+----------------------------+-------------+


+----------------------------------------+
; I/O Assignment Warnings                ;
+----------+-----------------------------+
; Pin Name ; Reason                      ;
+----------+-----------------------------+
; rs232_tx ; Missing location assignment ;
+----------+-----------------------------+


+--------------+
; Pin-Out File ;
+--------------+
The pin-out file can be found in D:/projects/07_source_code/auto_tools/mcu_cpld_prd/CPLD_FOR_SDK2.0/top_test/top.pin.


+--------------------------------------------------------------------+
; Fitter Resource Usage Summary                                      ;
+---------------------------------------------+----------------------+
; Resource                                    ; Usage                ;
+---------------------------------------------+----------------------+
; Total logic elements                        ; 371 / 570 ( 65 % )   ;
;     -- Combinational with no register       ; 117                  ;
;     -- Register only                        ; 44                   ;
;     -- Combinational with a register        ; 210                  ;
;                                             ;                      ;
; Logic element usage by number of LUT inputs ;                      ;
;     -- 4 input functions                    ; 145                  ;
;     -- 3 input functions                    ; 32                   ;
;     -- 2 input functions                    ; 136                  ;
;     -- 1 input functions                    ; 12                   ;
;     -- 0 input functions                    ; 2                    ;
;                                             ;                      ;
; Logic elements by mode                      ;                      ;
;     -- normal mode                          ; 265                  ;
;     -- arithmetic mode                      ; 106                  ;
;     -- qfbk mode                            ; 30                   ;
;     -- register cascade mode                ; 0                    ;
;     -- synchronous clear/load mode          ; 131                  ;
;     -- asynchronous clear/load mode         ; 252                  ;
;                                             ;                      ;
; Total registers                             ; 254 / 570 ( 45 % )   ;
; Total LABs                                  ; 43 / 57 ( 75 % )     ;
; Logic elements in carry chains              ; 115                  ;
; Virtual pins                                ; 0                    ;
; I/O pins                                    ; 10 / 76 ( 13 % )     ;
;     -- Clock pins                           ; 2 / 4 ( 50 % )       ;
;                                             ;                      ;
; Global signals                              ; 4                    ;
; UFM blocks                                  ; 0 / 1 ( 0 % )        ;
;                                             ;                      ;
;     -- Total Fixed Point DSP Blocks         ; 0                    ;
;     -- Total Floating Point DSP Blocks      ; 0                    ;
;                                             ;                      ;
; Global clocks                               ; 4 / 4 ( 100 % )      ;
; JTAGs                                       ; 0 / 1 ( 0 % )        ;
; Average interconnect usage (total/H/V)      ; 14.4% / 18.9% / 9.7% ;
; Peak interconnect usage (total/H/V)         ; 14.4% / 18.9% / 9.7% ;
; Maximum fan-out                             ; 201                  ;
; Highest non-global fan-out                  ; 173                  ;
; Total fan-out                               ; 1776                 ;
; Average fan-out                             ; 4.66                 ;
+---------------------------------------------+----------------------+


+----------------------------------------------------------------------------------------------------------------------------------------------------------------------------------------------------------------------------------+
; Input Pins                                                                                                                                                                                                                       ;
+----------+-------+----------+--------------+--------------+-------------+-----------------------+--------------------+--------+-----------------+----------+--------------+--------------+----------------------+----------------+
; Name     ; Pin # ; I/O Bank ; X coordinate ; Y coordinate ; Cell number ; Combinational Fan-Out ; Registered Fan-Out ; Global ; PCI I/O Enabled ; Bus Hold ; Weak Pull Up ; I/O Standard ; Location assigned by ; Slow Slew Rate ;
+----------+-------+----------+--------------+--------------+-------------+-----------------------+--------------------+--------+-----------------+----------+--------------+--------------+----------------------+----------------+
; clk      ; 12    ; 1        ; 0            ; 5            ; 0           ; 201                   ; 0                  ; yes    ; no              ; no       ; Off          ; 3.3-V LVTTL  ; User                 ; no             ;
; rs232_rx ; 6     ; 1        ; 0            ; 7            ; 3           ; 6                     ; 0                  ; no     ; no              ; no       ; Off          ; 3.3-V LVTTL  ; User                 ; no             ;
; rst_n    ; 1     ; 2        ; 3            ; 8            ; 3           ; 173                   ; 0                  ; no     ; no              ; no       ; Off          ; 3.3-V LVTTL  ; User                 ; no             ;
+----------+-------+----------+--------------+--------------+-------------+-----------------------+--------------------+--------+-----------------+----------+--------------+--------------+----------------------+----------------+


+----------------------------------------------------------------------------------------------------------------------------------------------------------------------------------------------------------------------------------------------------------------------------------------------------------------------------+
; Output Pins                                                                                                                                                                                                                                                                                                                ;
+----------+-------+----------+--------------+--------------+-------------+-----------------+----------------+-----------------+------------+---------------+----------+--------------+--------------+------------------+------------------------+----------------------+-------+----------------------+---------------------+
; Name     ; Pin # ; I/O Bank ; X coordinate ; Y coordinate ; Cell number ; Output Register ; Slow Slew Rate ; PCI I/O Enabled ; Open Drain ; TRI Primitive ; Bus Hold ; Weak Pull Up ; I/O Standard ; Current Strength ; Fast Output Connection ; Location assigned by ; Load  ; Output Enable Source ; Output Enable Group ;
+----------+-------+----------+--------------+--------------+-------------+-----------------+----------------+-----------------+------------+---------------+----------+--------------+--------------+------------------+------------------------+----------------------+-------+----------------------+---------------------+
; led      ; 7     ; 1        ; 0            ; 7            ; 4           ; no              ; no             ; no              ; no         ; no            ; no       ; Off          ; 3.3-V LVTTL  ; 16mA             ; no                     ; User                 ; 10 pF ; -                    ; -                   ;
; rs232_tx ; 89    ; 2        ; 7            ; 8            ; 1           ; no              ; no             ; no              ; no         ; no            ; no       ; Off          ; 3.3-V LVTTL  ; 16mA             ; no                     ; Fitter               ; 10 pF ; -                    ; -                   ;
+----------+-------+----------+--------------+--------------+-------------+-----------------+----------------+-----------------+------------+---------------+----------+--------------+--------------+------------------+------------------------+----------------------+-------+----------------------+---------------------+


+------------------------------------------------------------------------------------------------------------------------------------------------------------------------------------------------------------------------------------------------------------------------------------------------------------------------------------------------------------------+
; Bidir Pins                                                                                                                                                                                                                                                                                                                                                       ;
+----------+-------+----------+--------------+--------------+-------------+-----------------------+--------------------+--------+-----------------+----------------+-----------------+------------+----------+--------------+--------------+------------------+------------------------+----------------------+-------+----------------------+---------------------+
; Name     ; Pin # ; I/O Bank ; X coordinate ; Y coordinate ; Cell number ; Combinational Fan-Out ; Registered Fan-Out ; Global ; Output Register ; Slow Slew Rate ; PCI I/O Enabled ; Open Drain ; Bus Hold ; Weak Pull Up ; I/O Standard ; Current Strength ; Fast Output Connection ; Location assigned by ; Load  ; Output Enable Source ; Output Enable Group ;
+----------+-------+----------+--------------+--------------+-------------+-----------------------+--------------------+--------+-----------------+----------------+-----------------+------------+----------+--------------+--------------+------------------+------------------------+----------------------+-------+----------------------+---------------------+
; BusA[4]  ; 4     ; 1        ; 0            ; 7            ; 0           ; 0                     ; 0                  ; no     ; no              ; no             ; no              ; no         ; no       ; Off          ; 3.3-V LVTTL  ; 16mA             ; no                     ; User                 ; 10 pF ; linkPMH              ; -                   ;
; BusB[16] ; 16    ; 1        ; 0            ; 5            ; 3           ; 1                     ; 0                  ; no     ; no              ; no             ; no              ; yes        ; no       ; Off          ; 3.3-V LVTTL  ; 16mA             ; no                     ; User                 ; 10 pF ; -                    ; -                   ;
; BusC[50] ; 50    ; 1        ; 11           ; 0            ; 2           ; 0                     ; 0                  ; no     ; no              ; no             ; no              ; no         ; no       ; Off          ; 3.3-V LVTTL  ; 16mA             ; no                     ; User                 ; 10 pF ; BusC[50]~4           ; -                   ;
; BusD[61] ; 61    ; 2        ; 13           ; 3            ; 1           ; 2                     ; 0                  ; no     ; no              ; no             ; no              ; no         ; no       ; Off          ; 3.3-V LVTTL  ; 16mA             ; no                     ; User                 ; 10 pF ; linkENC              ; -                   ;
; BusD[62] ; 62    ; 2        ; 13           ; 4            ; 4           ; 0                     ; 0                  ; no     ; no              ; no             ; no              ; no         ; no       ; Off          ; 3.3-V LVTTL  ; 16mA             ; yes                    ; User                 ; 10 pF ; BusC[50]~4           ; -                   ;
+----------+-------+----------+--------------+--------------+-------------+-----------------------+--------------------+--------+-----------------+----------------+-----------------+------------+----------+--------------+--------------+------------------+------------------------+----------------------+-------+----------------------+---------------------+


+-----------------------------------------------------------+
; I/O Bank Usage                                            ;
+----------+-----------------+---------------+--------------+
; I/O Bank ; Usage           ; VCCIO Voltage ; VREF Voltage ;
+----------+-----------------+---------------+--------------+
; 1        ; 6 / 36 ( 17 % ) ; 3.3V          ; --           ;
; 2        ; 4 / 40 ( 10 % ) ; 3.3V          ; --           ;
+----------+-----------------+---------------+--------------+


+------------------------------------------------------------------------------------------------------------------------------------------------+
; All Package Pins                                                                                                                               ;
+----------+------------+----------+----------------+--------+--------------+-----------+------------+-----------------+----------+--------------+
; Location ; Pad Number ; I/O Bank ; Pin Name/Usage ; Dir.   ; I/O Standard ; Voltage   ; I/O Type   ; User Assignment ; Bus Hold ; Weak Pull Up ;
+----------+------------+----------+----------------+--------+--------------+-----------+------------+-----------------+----------+--------------+
; 1        ; 161        ; 2        ; rst_n          ; input  ; 3.3-V LVTTL  ;           ; Column I/O ; Y               ; no       ; Off          ;
; 2        ; 2          ; 1        ; RESERVED_INPUT ;        ;              ;           ; Column I/O ;                 ; no       ; Off          ;
; 3        ; 4          ; 1        ; RESERVED_INPUT ;        ;              ;           ; Column I/O ;                 ; no       ; Off          ;
; 4        ; 6          ; 1        ; BusA[4]        ; bidir  ; 3.3-V LVTTL  ;           ; Row I/O    ; Y               ; no       ; Off          ;
; 5        ; 8          ; 1        ; RESERVED_INPUT ;        ;              ;           ; Row I/O    ;                 ; no       ; Off          ;
; 6        ; 9          ; 1        ; rs232_rx       ; input  ; 3.3-V LVTTL  ;           ; Row I/O    ; Y               ; no       ; Off          ;
; 7        ; 10         ; 1        ; led            ; output ; 3.3-V LVTTL  ;           ; Row I/O    ; Y               ; no       ; Off          ;
; 8        ; 11         ; 1        ; RESERVED_INPUT ;        ;              ;           ; Row I/O    ;                 ; no       ; Off          ;
; 9        ;            ; 1        ; VCCIO1         ; power  ;              ; 3.3V      ; --         ;                 ; --       ; --           ;
; 10       ;            ;          ; GNDIO          ; gnd    ;              ;           ; --         ;                 ; --       ; --           ;
; 11       ;            ;          ; GNDINT         ; gnd    ;              ;           ; --         ;                 ; --       ; --           ;
; 12       ; 20         ; 1        ; clk            ; input  ; 3.3-V LVTTL  ;           ; Row I/O    ; Y               ; no       ; Off          ;
; 13       ;            ;          ; VCCINT         ; power  ;              ; 2.5V/3.3V ; --         ;                 ; --       ; --           ;
; 14       ; 21         ; 1        ; RESERVED_INPUT ;        ;              ;           ; Row I/O    ;                 ; no       ; Off          ;
; 15       ; 22         ; 1        ; RESERVED_INPUT ;        ;              ;           ; Row I/O    ;                 ; no       ; Off          ;
; 16       ; 23         ; 1        ; BusB[16]       ; bidir  ; 3.3-V LVTTL  ;           ; Row I/O    ; Y               ; no       ; Off          ;
; 17       ; 24         ; 1        ; RESERVED_INPUT ;        ;              ;           ; Row I/O    ;                 ; no       ; Off          ;
; 18       ; 25         ; 1        ; RESERVED_INPUT ;        ;              ;           ; Row I/O    ;                 ; no       ; Off          ;
; 19       ; 32         ; 1        ; RESERVED_INPUT ;        ;              ;           ; Row I/O    ;                 ; no       ; Off          ;
; 20       ; 34         ; 1        ; RESERVED_INPUT ;        ;              ;           ; Column I/O ;                 ; no       ; Off          ;
; 21       ; 36         ; 1        ; RESERVED_INPUT ;        ;              ;           ; Column I/O ;                 ; no       ; Off          ;
; 22       ; 38         ; 1        ; #TMS           ; input  ;              ;           ; --         ;                 ; --       ; --           ;
; 23       ; 39         ; 1        ; #TDI           ; input  ;              ;           ; --         ;                 ; --       ; --           ;
; 24       ; 40         ; 1        ; #TCK           ; input  ;              ;           ; --         ;                 ; --       ; --           ;
; 25       ; 41         ; 1        ; #TDO           ; output ;              ;           ; --         ;                 ; --       ; --           ;
; 26       ; 47         ; 1        ; RESERVED_INPUT ;        ;              ;           ; Column I/O ;                 ; no       ; Off          ;
; 27       ; 48         ; 1        ; RESERVED_INPUT ;        ;              ;           ; Column I/O ;                 ; no       ; Off          ;
; 28       ; 50         ; 1        ; RESERVED_INPUT ;        ;              ;           ; Column I/O ;                 ; no       ; Off          ;
; 29       ; 51         ; 1        ; RESERVED_INPUT ;        ;              ;           ; Column I/O ;                 ; no       ; Off          ;
; 30       ; 52         ; 1        ; RESERVED_INPUT ;        ;              ;           ; Column I/O ;                 ; no       ; Off          ;
; 31       ;            ; 1        ; VCCIO1         ; power  ;              ; 3.3V      ; --         ;                 ; --       ; --           ;
; 32       ;            ;          ; GNDIO          ; gnd    ;              ;           ; --         ;                 ; --       ; --           ;
; 33       ; 58         ; 1        ; RESERVED_INPUT ;        ;              ;           ; Column I/O ;                 ; no       ; Off          ;
; 34       ; 59         ; 1        ; RESERVED_INPUT ;        ;              ;           ; Column I/O ;                 ; no       ; Off          ;
; 35       ; 60         ; 1        ; RESERVED_INPUT ;        ;              ;           ; Column I/O ;                 ; no       ; Off          ;
; 36       ; 61         ; 1        ; RESERVED_INPUT ;        ;              ;           ; Column I/O ;                 ; no       ; Off          ;
; 37       ;            ;          ; GNDINT         ; gnd    ;              ;           ; --         ;                 ; --       ; --           ;
; 38       ; 62         ; 1        ; RESERVED_INPUT ;        ;              ;           ; Column I/O ;                 ; no       ; Off          ;
; 39       ;            ;          ; VCCINT         ; power  ;              ; 2.5V/3.3V ; --         ;                 ; --       ; --           ;
; 40       ; 63         ; 1        ; RESERVED_INPUT ;        ;              ;           ; Column I/O ;                 ; no       ; Off          ;
; 41       ; 64         ; 1        ; RESERVED_INPUT ;        ;              ;           ; Column I/O ;                 ; no       ; Off          ;
; 42       ; 65         ; 1        ; RESERVED_INPUT ;        ;              ;           ; Column I/O ;                 ; no       ; Off          ;
; 43       ; 66         ; 1        ; RESERVED_INPUT ;        ;              ;           ; Column I/O ;                 ; no       ; Off          ;
; 44       ; 67         ; 1        ; RESERVED_INPUT ;        ;              ;           ; Column I/O ;                 ; no       ; Off          ;
; 45       ;            ; 1        ; VCCIO1         ; power  ;              ; 3.3V      ; --         ;                 ; --       ; --           ;
; 46       ;            ;          ; GNDIO          ; gnd    ;              ;           ; --         ;                 ; --       ; --           ;
; 47       ; 71         ; 1        ; RESERVED_INPUT ;        ;              ;           ; Column I/O ;                 ; no       ; Off          ;
; 48       ; 72         ; 1        ; RESERVED_INPUT ;        ;              ;           ; Column I/O ;                 ; no       ; Off          ;
; 49       ; 73         ; 1        ; RESERVED_INPUT ;        ;              ;           ; Column I/O ;                 ; no       ; Off          ;
; 50       ; 75         ; 1        ; BusC[50]       ; bidir  ; 3.3-V LVTTL  ;           ; Column I/O ; Y               ; no       ; Off          ;
; 51       ; 79         ; 1        ; RESERVED_INPUT ;        ;              ;           ; Column I/O ;                 ; no       ; Off          ;
; 52       ; 83         ; 2        ; RESERVED_INPUT ;        ;              ;           ; Row I/O    ;                 ; no       ; Off          ;
; 53       ; 84         ; 2        ; RESERVED_INPUT ;        ;              ;           ; Row I/O    ;                 ; no       ; Off          ;
; 54       ; 86         ; 2        ; RESERVED_INPUT ;        ;              ;           ; Row I/O    ;                 ; no       ; Off          ;
; 55       ; 89         ; 2        ; RESERVED_INPUT ;        ;              ;           ; Row I/O    ;                 ; no       ; Off          ;
; 56       ; 91         ; 2        ; RESERVED_INPUT ;        ;              ;           ; Row I/O    ;                 ; no       ; Off          ;
; 57       ; 92         ; 2        ; RESERVED_INPUT ;        ;              ;           ; Row I/O    ;                 ; no       ; Off          ;
; 58       ; 93         ; 2        ; RESERVED_INPUT ;        ;              ;           ; Row I/O    ;                 ; no       ; Off          ;
; 59       ;            ; 2        ; VCCIO2         ; power  ;              ; 3.3V      ; --         ;                 ; --       ; --           ;
; 60       ;            ;          ; GNDIO          ; gnd    ;              ;           ; --         ;                 ; --       ; --           ;
; 61       ; 98         ; 2        ; BusD[61]       ; bidir  ; 3.3-V LVTTL  ;           ; Row I/O    ; Y               ; no       ; Off          ;
; 62       ; 101        ; 2        ; BusD[62]       ; bidir  ; 3.3-V LVTTL  ;           ; Row I/O    ; Y               ; no       ; Off          ;
; 63       ;            ;          ; VCCINT         ; power  ;              ; 2.5V/3.3V ; --         ;                 ; --       ; --           ;
; 64       ; 102        ; 2        ; RESERVED_INPUT ;        ;              ;           ; Row I/O    ;                 ; no       ; Off          ;
; 65       ;            ;          ; GNDINT         ; gnd    ;              ;           ; --         ;                 ; --       ; --           ;
; 66       ; 103        ; 2        ; RESERVED_INPUT ;        ;              ;           ; Row I/O    ;                 ; no       ; Off          ;
; 67       ; 104        ; 2        ; RESERVED_INPUT ;        ;              ;           ; Row I/O    ;                 ; no       ; Off          ;
; 68       ; 105        ; 2        ; RESERVED_INPUT ;        ;              ;           ; Row I/O    ;                 ; no       ; Off          ;
; 69       ; 111        ; 2        ; RESERVED_INPUT ;        ;              ;           ; Row I/O    ;                 ; no       ; Off          ;
; 70       ; 112        ; 2        ; RESERVED_INPUT ;        ;              ;           ; Row I/O    ;                 ; no       ; Off          ;
; 71       ; 115        ; 2        ; RESERVED_INPUT ;        ;              ;           ; Row I/O    ;                 ; no       ; Off          ;
; 72       ; 116        ; 2        ; RESERVED_INPUT ;        ;              ;           ; Row I/O    ;                 ; no       ; Off          ;
; 73       ; 118        ; 2        ; RESERVED_INPUT ;        ;              ;           ; Row I/O    ;                 ; no       ; Off          ;
; 74       ; 120        ; 2        ; RESERVED_INPUT ;        ;              ;           ; Row I/O    ;                 ; no       ; Off          ;
; 75       ; 122        ; 2        ; RESERVED_INPUT ;        ;              ;           ; Row I/O    ;                 ; no       ; Off          ;
; 76       ; 125        ; 2        ; RESERVED_INPUT ;        ;              ;           ; Column I/O ;                 ; no       ; Off          ;
; 77       ; 126        ; 2        ; RESERVED_INPUT ;        ;              ;           ; Column I/O ;                 ; no       ; Off          ;
; 78       ; 127        ; 2        ; RESERVED_INPUT ;        ;              ;           ; Column I/O ;                 ; no       ; Off          ;
; 79       ;            ;          ; GNDIO          ; gnd    ;              ;           ; --         ;                 ; --       ; --           ;
; 80       ;            ; 2        ; VCCIO2         ; power  ;              ; 3.3V      ; --         ;                 ; --       ; --           ;
; 81       ; 135        ; 2        ; RESERVED_INPUT ;        ;              ;           ; Column I/O ;                 ; no       ; Off          ;
; 82       ; 136        ; 2        ; RESERVED_INPUT ;        ;              ;           ; Column I/O ;                 ; no       ; Off          ;
; 83       ; 139        ; 2        ; RESERVED_INPUT ;        ;              ;           ; Column I/O ;                 ; no       ; Off          ;
; 84       ; 140        ; 2        ; RESERVED_INPUT ;        ;              ;           ; Column I/O ;                 ; no       ; Off          ;
; 85       ; 141        ; 2        ; RESERVED_INPUT ;        ;              ;           ; Column I/O ;                 ; no       ; Off          ;
; 86       ; 142        ; 2        ; RESERVED_INPUT ;        ;              ;           ; Column I/O ;                 ; no       ; Off          ;
; 87       ; 143        ; 2        ; RESERVED_INPUT ;        ;              ;           ; Column I/O ;                 ; no       ; Off          ;
; 88       ;            ;          ; VCCINT         ; power  ;              ; 2.5V/3.3V ; --         ;                 ; --       ; --           ;
; 89       ; 144        ; 2        ; rs232_tx       ; output ; 3.3-V LVTTL  ;           ; Column I/O ; N               ; no       ; Off          ;
; 90       ;            ;          ; GNDINT         ; gnd    ;              ;           ; --         ;                 ; --       ; --           ;
; 91       ; 149        ; 2        ; RESERVED_INPUT ;        ;              ;           ; Column I/O ;                 ; no       ; Off          ;
; 92       ; 150        ; 2        ; RESERVED_INPUT ;        ;              ;           ; Column I/O ;                 ; no       ; Off          ;
; 93       ;            ;          ; GNDIO          ; gnd    ;              ;           ; --         ;                 ; --       ; --           ;
; 94       ;            ; 2        ; VCCIO2         ; power  ;              ; 3.3V      ; --         ;                 ; --       ; --           ;
; 95       ; 151        ; 2        ; RESERVED_INPUT ;        ;              ;           ; Column I/O ;                 ; no       ; Off          ;
; 96       ; 152        ; 2        ; RESERVED_INPUT ;        ;              ;           ; Column I/O ;                 ; no       ; Off          ;
; 97       ; 153        ; 2        ; RESERVED_INPUT ;        ;              ;           ; Column I/O ;                 ; no       ; Off          ;
; 98       ; 155        ; 2        ; RESERVED_INPUT ;        ;              ;           ; Column I/O ;                 ; no       ; Off          ;
; 99       ; 156        ; 2        ; RESERVED_INPUT ;        ;              ;           ; Column I/O ;                 ; no       ; Off          ;
; 100      ; 158        ; 2        ; RESERVED_INPUT ;        ;              ;           ; Column I/O ;                 ; no       ; Off          ;
+----------+------------+----------+----------------+--------+--------------+-----------+------------+-----------------+----------+--------------+
Note: Pin directions (input, output or bidir) are based on device operating in user mode.


+-------------------------------------------------------------+
; Output Pin Default Load For Reported TCO                    ;
+----------------------------+-------+------------------------+
; I/O Standard               ; Load  ; Termination Resistance ;
+----------------------------+-------+------------------------+
; 3.3-V LVTTL                ; 10 pF ; Not Available          ;
; 3.3-V LVCMOS               ; 10 pF ; Not Available          ;
; 2.5 V                      ; 10 pF ; Not Available          ;
; 1.8 V                      ; 10 pF ; Not Available          ;
; 1.5 V                      ; 10 pF ; Not Available          ;
; 3.3V Schmitt Trigger Input ; 10 pF ; Not Available          ;
; 2.5V Schmitt Trigger Input ; 10 pF ; Not Available          ;
+----------------------------+-------+------------------------+
Note: User assignments will override these defaults. The user specified values are listed in the Output Pins and Bidir Pins tables.


+------------------------------------------------------------------------------------------------------------------------------------------------------------------------------------------------------------------------------------------------------------+
; Fitter Resource Utilization by Entity                                                                                                                                                                                                                      ;
+--------------------------------+-------------+--------------+------------+------+--------------+--------------+-------------------+------------------+-----------------+------------+-------------------------------------------------------+--------------+
; Compilation Hierarchy Node     ; Logic Cells ; LC Registers ; UFM Blocks ; Pins ; Virtual Pins ; LUT-Only LCs ; Register-Only LCs ; LUT/Register LCs ; Carry Chain LCs ; Packed LCs ; Full Hierarchy Name                                   ; Library Name ;
+--------------------------------+-------------+--------------+------------+------+--------------+--------------+-------------------+------------------+-----------------+------------+-------------------------------------------------------+--------------+
; |top                           ; 371 (77)    ; 254          ; 0          ; 10   ; 0            ; 117 (17)     ; 44 (8)            ; 210 (52)         ; 115 (0)         ; 30 (21)    ; |top                                                  ; work         ;
;    |enc:enc|                   ; 59 (59)     ; 48           ; 0          ; 0    ; 0            ; 11 (11)      ; 11 (11)           ; 37 (37)          ; 32 (32)         ; 0 (0)      ; |top|enc:enc                                          ; work         ;
;    |my_uart_rx:my_uart_rx|     ; 36 (36)     ; 22           ; 0          ; 0    ; 0            ; 14 (14)      ; 4 (4)             ; 18 (18)          ; 0 (0)           ; 0 (0)      ; |top|my_uart_rx:my_uart_rx                            ; work         ;
;    |my_uart_tx:my_uart_tx|     ; 19 (19)     ; 15           ; 0          ; 0    ; 0            ; 4 (4)        ; 3 (3)             ; 12 (12)          ; 0 (0)           ; 5 (5)      ; |top|my_uart_tx:my_uart_tx                            ; work         ;
;    |speed_select:speed_select| ; 44 (44)     ; 28           ; 0          ; 0    ; 0            ; 16 (16)      ; 0 (0)             ; 28 (28)          ; 26 (26)         ; 0 (0)      ; |top|speed_select:speed_select                        ; work         ;
;    |uart_top7to7:uart_top7to7| ; 136 (29)    ; 81           ; 0          ; 0    ; 0            ; 55 (14)      ; 18 (13)           ; 63 (2)           ; 57 (14)         ; 4 (0)      ; |top|uart_top7to7:uart_top7to7                        ; work         ;
;       |data_deal:data_deal|    ; 22 (22)     ; 17           ; 0          ; 0    ; 0            ; 5 (5)        ; 1 (1)             ; 16 (16)          ; 12 (12)         ; 0 (0)      ; |top|uart_top7to7:uart_top7to7|data_deal:data_deal    ; work         ;
;       |my_uart_rx7to7:rx_inst| ; 39 (39)     ; 28           ; 0          ; 0    ; 0            ; 11 (11)      ; 0 (0)             ; 28 (28)          ; 18 (18)         ; 0 (0)      ; |top|uart_top7to7:uart_top7to7|my_uart_rx7to7:rx_inst ; work         ;
;       |my_uart_tx7to7:tx_inst| ; 46 (46)     ; 21           ; 0          ; 0    ; 0            ; 25 (25)      ; 4 (4)             ; 17 (17)          ; 13 (13)         ; 4 (4)      ; |top|uart_top7to7:uart_top7to7|my_uart_tx7to7:tx_inst ; work         ;
+--------------------------------+-------------+--------------+------------+------+--------------+--------------+-------------------+------------------+-----------------+------------+-------------------------------------------------------+--------------+
Note: For table entries with two numbers listed, the numbers in parentheses indicate the number of resources of the given type used by the specific entity alone. The numbers listed outside of parentheses indicate the total resources of the given type used by the specific entity and all of its sub-entities in the hierarchy.


+-------------------------------------+
; Delay Chain Summary                 ;
+----------+----------+---------------+
; Name     ; Pin Type ; Pad to Core 0 ;
+----------+----------+---------------+
; rs232_tx ; Output   ; --            ;
; led      ; Output   ; --            ;
; BusA[4]  ; Bidir    ; (0)           ;
; BusB[16] ; Bidir    ; (0)           ;
; BusC[50] ; Bidir    ; (0)           ;
; BusD[61] ; Bidir    ; (0)           ;
; BusD[62] ; Bidir    ; (0)           ;
; rst_n    ; Input    ; (0)           ;
; clk      ; Input    ; (0)           ;
; rs232_rx ; Input    ; (0)           ;
+----------+----------+---------------+


+---------------------------------------------------------------------------------------------------------------------------------------------------------------------------+
; Control Signals                                                                                                                                                           ;
+-----------------------------------------------------------------+--------------+---------+-----------------------------+--------+----------------------+------------------+
; Name                                                            ; Location     ; Fan-Out ; Usage                       ; Global ; Global Resource Used ; Global Line Name ;
+-----------------------------------------------------------------+--------------+---------+-----------------------------+--------+----------------------+------------------+
; BusC[50]~4                                                      ; LC_X12_Y4_N3 ; 2       ; Output enable               ; no     ; --                   ; --               ;
; Current.SAVE                                                    ; LC_X8_Y6_N2  ; 27      ; Clock enable                ; no     ; --                   ; --               ;
; clk                                                             ; PIN_12       ; 201     ; Clock                       ; yes    ; Global Clock         ; GCLK0            ;
; enc:enc|LessThan0~10                                            ; LC_X3_Y5_N1  ; 33      ; Sync. clear                 ; no     ; --                   ; --               ;
; enc:enc|out_100hz                                               ; LC_X4_Y5_N0  ; 16      ; Clock                       ; yes    ; Global Clock         ; GCLK2            ;
; linkENC                                                         ; LC_X7_Y4_N2  ; 38      ; Clock enable, Output enable ; no     ; --                   ; --               ;
; linkPMH                                                         ; LC_X7_Y4_N6  ; 3       ; Output enable               ; no     ; --                   ; --               ;
; my_uart_rx:my_uart_rx|Mux2~0                                    ; LC_X1_Y7_N6  ; 2       ; Clock enable                ; no     ; --                   ; --               ;
; my_uart_rx:my_uart_rx|Mux7~3                                    ; LC_X1_Y7_N1  ; 2       ; Clock enable                ; no     ; --                   ; --               ;
; my_uart_rx:my_uart_rx|rx_complete_reg                           ; LC_X3_Y6_N5  ; 3       ; Clock                       ; no     ; --                   ; --               ;
; my_uart_rx:my_uart_rx|rx_complete_reg~1                         ; LC_X3_Y6_N3  ; 1       ; Async. clear                ; no     ; --                   ; --               ;
; my_uart_rx:my_uart_rx|rx_data_reg[7]~1                          ; LC_X3_Y6_N6  ; 8       ; Clock enable                ; no     ; --                   ; --               ;
; my_uart_rx:my_uart_rx|rx_enable_reg                             ; LC_X3_Y6_N7  ; 4       ; Clock                       ; no     ; --                   ; --               ;
; my_uart_rx:my_uart_rx|rx_enable_reg~0                           ; LC_X3_Y6_N0  ; 1       ; Async. clear                ; no     ; --                   ; --               ;
; my_uart_tx:my_uart_tx|Decoder0~0                                ; LC_X6_Y6_N9  ; 8       ; Clock enable                ; no     ; --                   ; --               ;
; my_uart_tx:my_uart_tx|tx_complete_reg~1                         ; LC_X3_Y7_N2  ; 1       ; Async. clear                ; no     ; --                   ; --               ;
; my_uart_tx:my_uart_tx|tx_enable_reg~0                           ; LC_X3_Y7_N6  ; 1       ; Async. clear                ; no     ; --                   ; --               ;
; rs232_rx                                                        ; PIN_6        ; 6       ; Clock                       ; no     ; --                   ; --               ;
; rst_n                                                           ; PIN_1        ; 173     ; Async. clear, Clock enable  ; no     ; --                   ; --               ;
; speed_select:speed_select|always1~0                             ; LC_X4_Y6_N2  ; 13      ; Sync. clear                 ; no     ; --                   ; --               ;
; speed_select:speed_select|always3~0                             ; LC_X4_Y7_N1  ; 13      ; Sync. clear                 ; no     ; --                   ; --               ;
; speed_select:speed_select|buad_clk_rx_reg                       ; LC_X8_Y6_N0  ; 21      ; Clock                       ; yes    ; Global Clock         ; GCLK1            ;
; speed_select:speed_select|buad_clk_tx_reg                       ; LC_X8_Y6_N7  ; 14      ; Clock                       ; yes    ; Global Clock         ; GCLK3            ;
; tx_start_f                                                      ; LC_X7_Y7_N3  ; 16      ; Async. clear                ; no     ; --                   ; --               ;
; uart_top7to7:uart_top7to7|data_deal:data_deal|data_out~12       ; LC_X10_Y6_N0 ; 7       ; Clock enable                ; no     ; --                   ; --               ;
; uart_top7to7:uart_top7to7|my_uart_rx7to7:rx_inst|data_sign      ; LC_X10_Y3_N5 ; 8       ; Clock enable                ; no     ; --                   ; --               ;
; uart_top7to7:uart_top7to7|my_uart_rx7to7:rx_inst|state.TRAN     ; LC_X10_Y3_N8 ; 8       ; Sync. clear                 ; no     ; --                   ; --               ;
; uart_top7to7:uart_top7to7|my_uart_rx7to7:rx_inst|tran_cnt[3]~10 ; LC_X10_Y2_N3 ; 18      ; Clock enable, Sync. clear   ; no     ; --                   ; --               ;
; uart_top7to7:uart_top7to7|my_uart_tx7to7:tx_inst|bps_sel        ; LC_X10_Y4_N1 ; 6       ; Clock enable                ; no     ; --                   ; --               ;
; uart_top7to7:uart_top7to7|rst_cnt[14]                           ; LC_X10_Y5_N5 ; 82      ; Async. clear, Clock enable  ; no     ; --                   ; --               ;
+-----------------------------------------------------------------+--------------+---------+-----------------------------+--------+----------------------+------------------+


+-------------------------------------------------------------------------------------------------------------+
; Global & Other Fast Signals                                                                                 ;
+-------------------------------------------+-------------+---------+----------------------+------------------+
; Name                                      ; Location    ; Fan-Out ; Global Resource Used ; Global Line Name ;
+-------------------------------------------+-------------+---------+----------------------+------------------+
; clk                                       ; PIN_12      ; 201     ; Global Clock         ; GCLK0            ;
; enc:enc|out_100hz                         ; LC_X4_Y5_N0 ; 16      ; Global Clock         ; GCLK2            ;
; speed_select:speed_select|buad_clk_rx_reg ; LC_X8_Y6_N0 ; 21      ; Global Clock         ; GCLK1            ;
; speed_select:speed_select|buad_clk_tx_reg ; LC_X8_Y6_N7 ; 14      ; Global Clock         ; GCLK3            ;
+-------------------------------------------+-------------+---------+----------------------+------------------+


+----------------------------------------------+
; Routing Usage Summary                        ;
+-----------------------+----------------------+
; Routing Resource Type ; Usage                ;
+-----------------------+----------------------+
; C4s                   ; 124 / 1,624 ( 8 % )  ;
; Direct links          ; 148 / 1,930 ( 8 % )  ;
; Global clocks         ; 4 / 4 ( 100 % )      ;
; LAB clocks            ; 19 / 56 ( 34 % )     ;
; LUT chains            ; 27 / 513 ( 5 % )     ;
; Local interconnects   ; 436 / 1,930 ( 23 % ) ;
; R4s                   ; 225 / 1,472 ( 15 % ) ;
+-----------------------+----------------------+


+---------------------------------------------------------------------------+
; LAB Logic Elements                                                        ;
+--------------------------------------------+------------------------------+
; Number of Logic Elements  (Average = 8.63) ; Number of LABs  (Total = 43) ;
+--------------------------------------------+------------------------------+
; 1                                          ; 2                            ;
; 2                                          ; 1                            ;
; 3                                          ; 1                            ;
; 4                                          ; 0                            ;
; 5                                          ; 1                            ;
; 6                                          ; 1                            ;
; 7                                          ; 3                            ;
; 8                                          ; 2                            ;
; 9                                          ; 4                            ;
; 10                                         ; 28                           ;
+--------------------------------------------+------------------------------+


+-------------------------------------------------------------------+
; LAB-wide Signals                                                  ;
+------------------------------------+------------------------------+
; LAB-wide Signals  (Average = 2.35) ; Number of LABs  (Total = 43) ;
+------------------------------------+------------------------------+
; 1 Async. clear                     ; 37                           ;
; 1 Clock                            ; 37                           ;
; 1 Clock enable                     ; 15                           ;
; 1 Sync. clear                      ; 6                            ;
; 2 Clock enables                    ; 2                            ;
; 2 Clocks                           ; 4                            ;
+------------------------------------+------------------------------+


+----------------------------------------------------------------------------+
; LAB Signals Sourced                                                        ;
+---------------------------------------------+------------------------------+
; Number of Signals Sourced  (Average = 9.19) ; Number of LABs  (Total = 43) ;
+---------------------------------------------+------------------------------+
; 0                                           ; 0                            ;
; 1                                           ; 2                            ;
; 2                                           ; 1                            ;
; 3                                           ; 1                            ;
; 4                                           ; 0                            ;
; 5                                           ; 1                            ;
; 6                                           ; 1                            ;
; 7                                           ; 3                            ;
; 8                                           ; 2                            ;
; 9                                           ; 4                            ;
; 10                                          ; 20                           ;
; 11                                          ; 4                            ;
; 12                                          ; 0                            ;
; 13                                          ; 1                            ;
; 14                                          ; 1                            ;
; 15                                          ; 1                            ;
; 16                                          ; 0                            ;
; 17                                          ; 0                            ;
; 18                                          ; 1                            ;
+---------------------------------------------+------------------------------+


+--------------------------------------------------------------------------------+
; LAB Signals Sourced Out                                                        ;
+-------------------------------------------------+------------------------------+
; Number of Signals Sourced Out  (Average = 5.81) ; Number of LABs  (Total = 43) ;
+-------------------------------------------------+------------------------------+
; 0                                               ; 0                            ;
; 1                                               ; 6                            ;
; 2                                               ; 3                            ;
; 3                                               ; 2                            ;
; 4                                               ; 6                            ;
; 5                                               ; 3                            ;
; 6                                               ; 2                            ;
; 7                                               ; 5                            ;
; 8                                               ; 6                            ;
; 9                                               ; 5                            ;
; 10                                              ; 3                            ;
; 11                                              ; 1                            ;
; 12                                              ; 1                            ;
+-------------------------------------------------+------------------------------+


+----------------------------------------------------------------------------+
; LAB Distinct Inputs                                                        ;
+---------------------------------------------+------------------------------+
; Number of Distinct Inputs  (Average = 9.16) ; Number of LABs  (Total = 43) ;
+---------------------------------------------+------------------------------+
; 0                                           ; 0                            ;
; 1                                           ; 0                            ;
; 2                                           ; 2                            ;
; 3                                           ; 1                            ;
; 4                                           ; 2                            ;
; 5                                           ; 5                            ;
; 6                                           ; 3                            ;
; 7                                           ; 8                            ;
; 8                                           ; 3                            ;
; 9                                           ; 1                            ;
; 10                                          ; 5                            ;
; 11                                          ; 3                            ;
; 12                                          ; 1                            ;
; 13                                          ; 2                            ;
; 14                                          ; 0                            ;
; 15                                          ; 2                            ;
; 16                                          ; 0                            ;
; 17                                          ; 1                            ;
; 18                                          ; 2                            ;
; 19                                          ; 0                            ;
; 20                                          ; 1                            ;
; 21                                          ; 0                            ;
; 22                                          ; 0                            ;
; 23                                          ; 1                            ;
+---------------------------------------------+------------------------------+


+--------------------------------------------------------------------+
; Fitter Device Options                                              ;
+----------------------------------------------+---------------------+
; Option                                       ; Setting             ;
+----------------------------------------------+---------------------+
; Enable user-supplied start-up clock (CLKUSR) ; Off                 ;
; Enable device-wide reset (DEV_CLRn)          ; Off                 ;
; Enable device-wide output enable (DEV_OE)    ; Off                 ;
; Enable INIT_DONE output                      ; Off                 ;
; Configuration scheme                         ; Passive Serial      ;
; Reserve all unused pins                      ; As input tri-stated ;
+----------------------------------------------+---------------------+


+---------------------------------------------------------------------------------------------------------------+
; Estimated Delay Added for Hold Timing Summary                                                                 ;
+-----------------------------------------------+-------------------------------------------+-------------------+
; Source Clock(s)                               ; Destination Clock(s)                      ; Delay Added in ns ;
+-----------------------------------------------+-------------------------------------------+-------------------+
; speed_select:speed_select|buad_clk_rx_reg,I/O ; speed_select:speed_select|buad_clk_rx_reg ; 10.0              ;
; I/O                                           ; speed_select:speed_select|buad_clk_rx_reg ; 6.6               ;
+-----------------------------------------------+-------------------------------------------+-------------------+
Note: For more information on problematic transfers, consider running the Fitter again with the Optimize hold timing option (Settings Menu) turned off.
This will disable optimization of problematic paths and expose them for further analysis using the TimeQuest Timing Analyzer.


+---------------------------------------------------------------------------------------------------+
; Estimated Delay Added for Hold Timing Details                                                     ;
+---------------------------------------+---------------------------------------+-------------------+
; Source Register                       ; Destination Register                  ; Delay Added in ns ;
+---------------------------------------+---------------------------------------+-------------------+
; rs232_rx                              ; my_uart_rx:my_uart_rx|rx_data_temp[5] ; 3.170             ;
; my_uart_rx:my_uart_rx|rx_count[2]     ; my_uart_rx:my_uart_rx|rx_data_temp[5] ; 1.585             ;
; my_uart_rx:my_uart_rx|rx_data_temp[5] ; my_uart_rx:my_uart_rx|rx_data_temp[5] ; 1.585             ;
; my_uart_rx:my_uart_rx|rx_count[1]     ; my_uart_rx:my_uart_rx|rx_data_temp[5] ; 1.585             ;
; my_uart_rx:my_uart_rx|rx_data_temp[4] ; my_uart_rx:my_uart_rx|rx_data_temp[4] ; 1.536             ;
; my_uart_rx:my_uart_rx|rx_count[3]     ; my_uart_rx:my_uart_rx|rx_data_temp[6] ; 0.939             ;
+---------------------------------------+---------------------------------------+-------------------+
Note: This table only shows the top 6 path(s) that have the largest delay added for hold.


+-----------------+
; Fitter Messages ;
+-----------------+
Info (20030): Parallel compilation is enabled and will use 2 of the 2 processors detected
Info (119006): Selected device EPM570T100C5 for design "top"
Info (21077): Low junction temperature is 0 degrees C
Info (21077): High junction temperature is 85 degrees C
Info (171003): Fitter is performing an Auto Fit compilation, which may decrease Fitter effort to reduce compilation time
Warning (292013): Feature LogicLock is only available with a valid subscription license. You can purchase a software subscription to gain full access to this feature.
Info (176444): Device migration not selected. If you intend to use device migration later, you may need to change the pin assignments as they may be incompatible with other devices
    Info (176445): Device EPM240T100C5 is compatible
    Info (176445): Device EPM240T100I5 is compatible
    Info (176445): Device EPM240T100A5 is compatible
    Info (176445): Device EPM570T100I5 is compatible
    Info (176445): Device EPM570T100A5 is compatible
Critical Warning (169085): No exact pin location assignment(s) for 1 pins of 10 total pins. For the list of pins please refer to the I/O Assignment Warnings table in the fitter report.
Critical Warning (332012): Synopsys Design Constraints File file not found: 'top.sdc'. A Synopsys Design Constraints File is required by the TimeQuest Timing Analyzer to get proper timing constraints. Without it, the Compiler will not properly optimize the design.
Info (332144): No user constrained base clocks found in the design
Info (332128): Timing requirements not specified -- optimizing circuit to achieve the following default global requirements
    Info (332127): Assuming a default timing requirement
Info (332111): Found 7 clocks
    Info (332111):   Period   Clock Name
    Info (332111): ======== ============
    Info (332111):    1.000          clk
    Info (332111):    1.000 enc:enc|out_100hz
    Info (332111):    1.000 my_uart_rx:my_uart_rx|rx_complete_reg
    Info (332111):    1.000 my_uart_rx:my_uart_rx|rx_enable_reg
    Info (332111):    1.000     rs232_rx
    Info (332111):    1.000 speed_select:speed_select|buad_clk_rx_reg
    Info (332111):    1.000 speed_select:speed_select|buad_clk_tx_reg
Info (186079): Completed User Assigned Global Signals Promotion Operation
Info (186215): Automatically promoted signal "clk" to use Global clock in PIN 12 File: D:/projects/07_source_code/auto_tools/mcu_cpld_prd/CPLD_FOR_SDK2.0/top_test/top.v Line: 7
Info (186215): Automatically promoted signal "speed_select:speed_select|buad_clk_rx_reg" to use Global clock File: D:/projects/07_source_code/auto_tools/mcu_cpld_prd/CPLD_FOR_SDK2.0/top_test/speed_select.v Line: 85
Info (186216): Automatically promoted some destinations of signal "enc:enc|out_100hz" to use Global clock File: D:/projects/07_source_code/auto_tools/mcu_cpld_prd/CPLD_FOR_SDK2.0/top_test/enc.v Line: 24
    Info (186217): Destination "enc:enc|out_100hz" may be non-global or may not use global clock File: D:/projects/07_source_code/auto_tools/mcu_cpld_prd/CPLD_FOR_SDK2.0/top_test/enc.v Line: 24
Info (186215): Automatically promoted signal "speed_select:speed_select|buad_clk_tx_reg" to use Global clock File: D:/projects/07_source_code/auto_tools/mcu_cpld_prd/CPLD_FOR_SDK2.0/top_test/speed_select.v Line: 110
Info (186079): Completed Auto Global Promotion Operation
Info (176234): Starting register packing
Info (186468): Started processing fast register assignments
Info (186469): Finished processing fast register assignments
Info (176235): Finished register packing
Info (176214): Statistics of I/O pins that need to be placed that use the same VCCIO and VREF, before I/O pin placement
    Info (176211): Number of I/O pins in group: 1 (unused VREF, 3.3V VCCIO, 0 input, 1 output, 0 bidirectional)
        Info (176212): I/O standards used: 3.3-V LVTTL.
Info (176215): I/O bank details before I/O pin placement
    Info (176214): Statistics of I/O banks
        Info (176213): I/O bank number 1 does not use VREF pins and has 3.3V VCCIO pins. 6 total pin(s) used --  30 pins available
        Info (176213): I/O bank number 2 does not use VREF pins and has 3.3V VCCIO pins. 3 total pin(s) used --  37 pins available
Info (171121): Fitter preparation operations ending: elapsed time is 00:00:00
Info (14896): Fitter has disabled Advanced Physical Optimization because it is not supported for the current family.
Info (170189): Fitter placement preparation operations beginning
Info (170190): Fitter placement preparation operations ending: elapsed time is 00:00:00
Info (170191): Fitter placement operations beginning
Info (170137): Fitter placement was successful
Info (170192): Fitter placement operations ending: elapsed time is 00:00:01
Info (170193): Fitter routing operations beginning
Info (170195): Router estimated average interconnect usage is 10% of the available device resources
    Info (170196): Router estimated peak interconnect usage is 10% of the available device resources in the region that extends from location X0_Y0 to location X13_Y8
Info (170199): The Fitter performed an Auto Fit compilation.  Optimizations were skipped to reduce compilation time.
    Info (170201): Optimizations that may affect the design's routability were skipped
Info (170194): Fitter routing operations ending: elapsed time is 00:00:01
Info (11888): Total time spent on timing analysis during the Fitter is 0.49 seconds.
Info (11218): Fitter post-fit operations ending: elapsed time is 00:00:00
Warning (169064): Following 1 pins have no output enable or a GND or VCC output enable - later changes to this connectivity may change fitting results
    Info (169065): Pin BusB[16] has a permanently disabled output enable File: D:/projects/07_source_code/auto_tools/mcu_cpld_prd/CPLD_FOR_SDK2.0/top_test/top.v Line: 14
Info (144001): Generated suppressed messages file D:/projects/07_source_code/auto_tools/mcu_cpld_prd/CPLD_FOR_SDK2.0/top_test/top.fit.smsg
Info: Quartus Prime Fitter was successful. 0 errors, 4 warnings
    Info: Peak virtual memory: 1056 megabytes
    Info: Processing ended: Fri Jun 03 12:49:11 2016
    Info: Elapsed time: 00:00:05
    Info: Total CPU time (on all processors): 00:00:05


+----------------------------+
; Fitter Suppressed Messages ;
+----------------------------+
The suppressed messages can be found in D:/projects/07_source_code/auto_tools/mcu_cpld_prd/CPLD_FOR_SDK2.0/top_test/top.fit.smsg.


